---
source: src/main.rs
expression: "str::from_utf8(res.as_slice()).unwrap()"
---
mov bx, -4093 ; bx 0x0000 -> 0xf003
mov cx, 3841 ; cx 0x0000 -> 0x0f01
sub bx, cx ; bx 0xf003 -> 0xe102 | flags: None -> S
mov sp, 998 ; sp 0x0000 -> 0x03e6
mov bp, 999 ; bp 0x0000 -> 0x03e7
cmp bp, sp ; flags: S -> None
add bp, 1027 ; bp 0x03e7 -> 0x07ea | flags: None -> None
sub bp, 2026 ; bp 0x07ea -> 0x0000 | flags: None -> PZ

Final registers: 
ax 0x0000 (0)
bx 0xe102 (57602)
cx 0x0f01 (3841)
dx 0x0000 (0)
sp 0x03e6 (998)
bp 0x0000 (0)
si 0x0000 (0)
di 0x0000 (0)
ip: 0x0018 (24)
flags: PZ
