---
source: src/main.rs
expression: "str::from_utf8(res.as_slice()).unwrap()"
snapshot_kind: text
---
mov cx, 3 ; cx 0x0000 -> 0x0003
mov bx, 1000 ; bx 0x0000 -> 0x03e8
add bx, 10 ; bx 0x03e8 -> 0x03f2 flags: None -> A
sub cx, 1 ; cx 0x0003 -> 0x0002 flags: A -> None
jne $-6+0 ; ip 0x0004 -> 0x0006
add bx, 10 ; bx 0x03f2 -> 0x03fc flags: None -> P
sub cx, 1 ; cx 0x0002 -> 0x0001 flags: P -> None
jne $-6+0 ; ip 0x0004 -> 0x0006
add bx, 10 ; bx 0x03fc -> 0x0406 flags: None -> PA
sub cx, 1 ; cx 0x0001 -> 0x0000 flags: PA -> PZ
jne $-6+0 ; ip 0x000c -> 0x000e

Final registers: 
ax 0x0000 (0)
bx 0x0406 (1030)
cx 0x0000 (0)
dx 0x0000 (0)
sp 0x0000 (0)
bp 0x0000 (0)
si 0x0000 (0)
di 0x0000 (0)
ip: 0x000e (14)
flags: PZ
